INSTRUMENTATION_STATUS: class=com.koenterprises.territorycardstudio.Phase3CCPreparationInstrumentationTest
INSTRUMENTATION_STATUS: current=1
INSTRUMENTATION_STATUS: id=AndroidJUnitRunner
INSTRUMENTATION_STATUS: numtests=16
INSTRUMENTATION_STATUS: stream=
com.koenterprises.territorycardstudio.Phase3CCPreparationInstrumentationTest:
INSTRUMENTATION_STATUS: test=backCancellationRecreationAndExpiryRequireFreshValidation
INSTRUMENTATION_STATUS_CODE: 1
INSTRUMENTATION_STATUS: class=com.koenterprises.territorycardstudio.Phase3CCPreparationInstrumentationTest
INSTRUMENTATION_STATUS: current=1
INSTRUMENTATION_STATUS: id=AndroidJUnitRunner
INSTRUMENTATION_STATUS: numtests=16
INSTRUMENTATION_STATUS: stream=.
INSTRUMENTATION_STATUS: test=backCancellationRecreationAndExpiryRequireFreshValidation
INSTRUMENTATION_STATUS_CODE: 0
INSTRUMENTATION_STATUS: class=com.koenterprises.territorycardstudio.Phase3CCPreparationInstrumentationTest
INSTRUMENTATION_STATUS: current=2
INSTRUMENTATION_STATUS: id=AndroidJUnitRunner
INSTRUMENTATION_STATUS: numtests=16
INSTRUMENTATION_STATUS: stream=
INSTRUMENTATION_STATUS: test=workspaceRouteValidatesAndExplicitlyPreparesWithoutApproval
INSTRUMENTATION_STATUS_CODE: 1
INSTRUMENTATION_STATUS: class=com.koenterprises.territorycardstudio.Phase3CCPreparationInstrumentationTest
INSTRUMENTATION_STATUS: current=2
INSTRUMENTATION_STATUS: id=AndroidJUnitRunner
INSTRUMENTATION_STATUS: numtests=16
INSTRUMENTATION_STATUS: stream=.
INSTRUMENTATION_STATUS: test=workspaceRouteValidatesAndExplicitlyPreparesWithoutApproval
INSTRUMENTATION_STATUS_CODE: 0
INSTRUMENTATION_STATUS: class=com.koenterprises.territorycardstudio.Phase3CCPreparationInstrumentationTest
INSTRUMENTATION_STATUS: current=3
INSTRUMENTATION_STATUS: id=AndroidJUnitRunner
INSTRUMENTATION_STATUS: numtests=16
INSTRUMENTATION_STATUS: stream=
INSTRUMENTATION_STATUS: test=captureDark
INSTRUMENTATION_STATUS_CODE: 1
INSTRUMENTATION_STATUS: class=com.koenterprises.territorycardstudio.Phase3CCPreparationInstrumentationTest
INSTRUMENTATION_STATUS: current=3
INSTRUMENTATION_STATUS: id=AndroidJUnitRunner
INSTRUMENTATION_STATUS: numtests=16
INSTRUMENTATION_STATUS: stream=.
INSTRUMENTATION_STATUS: test=captureDark
INSTRUMENTATION_STATUS_CODE: 0
INSTRUMENTATION_STATUS: class=com.koenterprises.territorycardstudio.Phase3CCPreparationInstrumentationTest
INSTRUMENTATION_STATUS: current=4
INSTRUMENTATION_STATUS: id=AndroidJUnitRunner
INSTRUMENTATION_STATUS: numtests=16
INSTRUMENTATION_STATUS: stream=
INSTRUMENTATION_STATUS: test=captureLight
INSTRUMENTATION_STATUS_CODE: 1
INSTRUMENTATION_STATUS: class=com.koenterprises.territorycardstudio.Phase3CCPreparationInstrumentationTest
INSTRUMENTATION_STATUS: current=4
INSTRUMENTATION_STATUS: id=AndroidJUnitRunner
INSTRUMENTATION_STATUS: numtests=16
INSTRUMENTATION_STATUS: stream=.
INSTRUMENTATION_STATUS: test=captureLight
INSTRUMENTATION_STATUS_CODE: 0
INSTRUMENTATION_STATUS: class=com.koenterprises.territorycardstudio.Phase3CCPreparationInstrumentationTest
INSTRUMENTATION_STATUS: current=5
INSTRUMENTATION_STATUS: id=AndroidJUnitRunner
INSTRUMENTATION_STATUS: numtests=16
INSTRUMENTATION_STATUS: stream=
INSTRUMENTATION_STATUS: test=missingAuthorityAndFreshProviderFailurePreserveCandidate
INSTRUMENTATION_STATUS_CODE: 1
INSTRUMENTATION_STATUS: class=com.koenterprises.territorycardstudio.Phase3CCPreparationInstrumentationTest
INSTRUMENTATION_STATUS: current=5
INSTRUMENTATION_STATUS: id=AndroidJUnitRunner
INSTRUMENTATION_STATUS: numtests=16
INSTRUMENTATION_STATUS: stream=.
INSTRUMENTATION_STATUS: test=missingAuthorityAndFreshProviderFailurePreserveCandidate
INSTRUMENTATION_STATUS_CODE: 0
INSTRUMENTATION_STATUS: class=com.koenterprises.territorycardstudio.Phase3CCPreparationInstrumentationTest
INSTRUMENTATION_STATUS: current=6
INSTRUMENTATION_STATUS: id=AndroidJUnitRunner
INSTRUMENTATION_STATUS: numtests=16
INSTRUMENTATION_STATUS: stream=
INSTRUMENTATION_STATUS: test=confirmationRaceAndReceiptRevocationFailClosed
INSTRUMENTATION_STATUS_CODE: 1
INSTRUMENTATION_STATUS: class=com.koenterprises.territorycardstudio.Phase3CCPreparationInstrumentationTest
INSTRUMENTATION_STATUS: current=6
INSTRUMENTATION_STATUS: id=AndroidJUnitRunner
INSTRUMENTATION_STATUS: numtests=16
INSTRUMENTATION_STATUS: stream=.
INSTRUMENTATION_STATUS: test=confirmationRaceAndReceiptRevocationFailClosed
INSTRUMENTATION_STATUS_CODE: 0
INSTRUMENTATION_STATUS: class=com.koenterprises.territorycardstudio.Phase3CCReconciliationInstrumentationTest
INSTRUMENTATION_STATUS: current=7
INSTRUMENTATION_STATUS: id=AndroidJUnitRunner
INSTRUMENTATION_STATUS: numtests=16
INSTRUMENTATION_STATUS: stream=
com.koenterprises.territorycardstudio.Phase3CCReconciliationInstrumentationTest:
INSTRUMENTATION_STATUS: test=exactBothJournalsRejectMissingExtraAndContradictoryChanges
INSTRUMENTATION_STATUS_CODE: 1
INSTRUMENTATION_STATUS: class=com.koenterprises.territorycardstudio.Phase3CCReconciliationInstrumentationTest
INSTRUMENTATION_STATUS: current=7
INSTRUMENTATION_STATUS: id=AndroidJUnitRunner
INSTRUMENTATION_STATUS: numtests=16
INSTRUMENTATION_STATUS: stream=.
INSTRUMENTATION_STATUS: test=exactBothJournalsRejectMissingExtraAndContradictoryChanges
INSTRUMENTATION_STATUS_CODE: 0
INSTRUMENTATION_STATUS: class=com.koenterprises.territorycardstudio.Phase3CCReconciliationInstrumentationTest
INSTRUMENTATION_STATUS: current=8
INSTRUMENTATION_STATUS: id=AndroidJUnitRunner
INSTRUMENTATION_STATUS: numtests=16
INSTRUMENTATION_STATUS: stream=
INSTRUMENTATION_STATUS: test=preparedGuardRejectsJournalCorruptionRevocationAndClockRollback
INSTRUMENTATION_STATUS_CODE: 1
INSTRUMENTATION_STATUS: class=com.koenterprises.territorycardstudio.Phase3CCReconciliationInstrumentationTest
INSTRUMENTATION_STATUS: current=8
INSTRUMENTATION_STATUS: id=AndroidJUnitRunner
INSTRUMENTATION_STATUS: numtests=16
INSTRUMENTATION_STATUS: stream=.
INSTRUMENTATION_STATUS: test=preparedGuardRejectsJournalCorruptionRevocationAndClockRollback
INSTRUMENTATION_STATUS_CODE: 0
INSTRUMENTATION_STATUS: class=com.koenterprises.territorycardstudio.Phase3CCReconciliationInstrumentationTest
INSTRUMENTATION_STATUS: current=9
INSTRUMENTATION_STATUS: id=AndroidJUnitRunner
INSTRUMENTATION_STATUS: numtests=16
INSTRUMENTATION_STATUS: stream=
INSTRUMENTATION_STATUS: test=telephoneAuthorityUpdatesFieldsAndPreservesUnavailableNumber
INSTRUMENTATION_STATUS_CODE: 1
INSTRUMENTATION_STATUS: class=com.koenterprises.territorycardstudio.Phase3CCReconciliationInstrumentationTest
INSTRUMENTATION_STATUS: current=9
INSTRUMENTATION_STATUS: id=AndroidJUnitRunner
INSTRUMENTATION_STATUS: numtests=16
INSTRUMENTATION_STATUS: stream=.
INSTRUMENTATION_STATUS: test=telephoneAuthorityUpdatesFieldsAndPreservesUnavailableNumber
INSTRUMENTATION_STATUS_CODE: 0
INSTRUMENTATION_STATUS: class=com.koenterprises.territorycardstudio.Phase3CCReconciliationInstrumentationTest
INSTRUMENTATION_STATUS: current=10
INSTRUMENTATION_STATUS: id=AndroidJUnitRunner
INSTRUMENTATION_STATUS: numtests=16
INSTRUMENTATION_STATUS: stream=
INSTRUMENTATION_STATUS: test=freshProvidersAndBuildingCrosschecksRemainMandatory
INSTRUMENTATION_STATUS_CODE: 1
INSTRUMENTATION_STATUS: class=com.koenterprises.territorycardstudio.Phase3CCReconciliationInstrumentationTest
INSTRUMENTATION_STATUS: current=10
INSTRUMENTATION_STATUS: id=AndroidJUnitRunner
INSTRUMENTATION_STATUS: numtests=16
INSTRUMENTATION_STATUS: stream=.
INSTRUMENTATION_STATUS: test=freshProvidersAndBuildingCrosschecksRemainMandatory
INSTRUMENTATION_STATUS_CODE: 0
INSTRUMENTATION_STATUS: class=com.koenterprises.territorycardstudio.Phase3CCReconciliationInstrumentationTest
INSTRUMENTATION_STATUS: current=11
INSTRUMENTATION_STATUS: id=AndroidJUnitRunner
INSTRUMENTATION_STATUS: numtests=16
INSTRUMENTATION_STATUS: stream=
INSTRUMENTATION_STATUS: test=changesDuringFetchRejectWithoutReplacingCandidate
INSTRUMENTATION_STATUS_CODE: 1
INSTRUMENTATION_STATUS: class=com.koenterprises.territorycardstudio.Phase3CCReconciliationInstrumentationTest
INSTRUMENTATION_STATUS: current=11
INSTRUMENTATION_STATUS: id=AndroidJUnitRunner
INSTRUMENTATION_STATUS: numtests=16
INSTRUMENTATION_STATUS: stream=.
INSTRUMENTATION_STATUS: test=changesDuringFetchRejectWithoutReplacingCandidate
INSTRUMENTATION_STATUS_CODE: 0
INSTRUMENTATION_STATUS: class=com.koenterprises.territorycardstudio.Phase3CCReconciliationInstrumentationTest
INSTRUMENTATION_STATUS: current=12
INSTRUMENTATION_STATUS: id=AndroidJUnitRunner
INSTRUMENTATION_STATUS: numtests=16
INSTRUMENTATION_STATUS: stream=
INSTRUMENTATION_STATUS: test=allLetterCategoriesAndLabelPrepareWithoutApproval
INSTRUMENTATION_STATUS_CODE: 1
INSTRUMENTATION_STATUS: class=com.koenterprises.territorycardstudio.Phase3CCReconciliationInstrumentationTest
INSTRUMENTATION_STATUS: current=12
INSTRUMENTATION_STATUS: id=AndroidJUnitRunner
INSTRUMENTATION_STATUS: numtests=16
INSTRUMENTATION_STATUS: stream=.
INSTRUMENTATION_STATUS: test=allLetterCategoriesAndLabelPrepareWithoutApproval
INSTRUMENTATION_STATUS_CODE: 0
INSTRUMENTATION_STATUS: class=com.koenterprises.territorycardstudio.Phase3CCReconciliationInstrumentationTest
INSTRUMENTATION_STATUS: current=13
INSTRUMENTATION_STATUS: id=AndroidJUnitRunner
INSTRUMENTATION_STATUS: numtests=16
INSTRUMENTATION_STATUS: stream=
INSTRUMENTATION_STATUS: test=unrecognizedTamperedDuplicateAndMixedAuthorityFactsFailClosed
INSTRUMENTATION_STATUS_CODE: 1
INSTRUMENTATION_STATUS: class=com.koenterprises.territorycardstudio.Phase3CCReconciliationInstrumentationTest
INSTRUMENTATION_STATUS: current=13
INSTRUMENTATION_STATUS: id=AndroidJUnitRunner
INSTRUMENTATION_STATUS: numtests=16
INSTRUMENTATION_STATUS: stream=.
INSTRUMENTATION_STATUS: test=unrecognizedTamperedDuplicateAndMixedAuthorityFactsFailClosed
INSTRUMENTATION_STATUS_CODE: 0
INSTRUMENTATION_STATUS: class=com.koenterprises.territorycardstudio.Phase3CCReconciliationInstrumentationTest
INSTRUMENTATION_STATUS: current=14
INSTRUMENTATION_STATUS: id=AndroidJUnitRunner
INSTRUMENTATION_STATUS: numtests=16
INSTRUMENTATION_STATUS: stream=
INSTRUMENTATION_STATUS: test=witnessesHandleAbsenceAtomicWritesAndConcurrentReadWithoutDeadlock
INSTRUMENTATION_STATUS_CODE: 1
INSTRUMENTATION_STATUS: class=com.koenterprises.territorycardstudio.Phase3CCReconciliationInstrumentationTest
INSTRUMENTATION_STATUS: current=14
INSTRUMENTATION_STATUS: id=AndroidJUnitRunner
INSTRUMENTATION_STATUS: numtests=16
INSTRUMENTATION_STATUS: stream=.
INSTRUMENTATION_STATUS: test=witnessesHandleAbsenceAtomicWritesAndConcurrentReadWithoutDeadlock
INSTRUMENTATION_STATUS_CODE: 0
INSTRUMENTATION_STATUS: class=com.koenterprises.territorycardstudio.Phase3CCReconciliationInstrumentationTest
INSTRUMENTATION_STATUS: current=15
INSTRUMENTATION_STATUS: id=AndroidJUnitRunner
INSTRUMENTATION_STATUS: numtests=16
INSTRUMENTATION_STATUS: stream=
INSTRUMENTATION_STATUS: test=ticketsExpireCancelConsumeAndProtectChangedCandidate
INSTRUMENTATION_STATUS_CODE: 1
INSTRUMENTATION_STATUS: class=com.koenterprises.territorycardstudio.Phase3CCReconciliationInstrumentationTest
INSTRUMENTATION_STATUS: current=15
INSTRUMENTATION_STATUS: id=AndroidJUnitRunner
INSTRUMENTATION_STATUS: numtests=16
INSTRUMENTATION_STATUS: stream=.
INSTRUMENTATION_STATUS: test=ticketsExpireCancelConsumeAndProtectChangedCandidate
INSTRUMENTATION_STATUS_CODE: 0
INSTRUMENTATION_STATUS: class=com.koenterprises.territorycardstudio.Phase3CCReconciliationInstrumentationTest
INSTRUMENTATION_STATUS: current=16
INSTRUMENTATION_STATUS: id=AndroidJUnitRunner
INSTRUMENTATION_STATUS: numtests=16
INSTRUMENTATION_STATUS: stream=
INSTRUMENTATION_STATUS: test=recordSpecificProvenanceAndUnknownTelephoneCannotPass
INSTRUMENTATION_STATUS_CODE: 1
INSTRUMENTATION_STATUS: class=com.koenterprises.territorycardstudio.Phase3CCReconciliationInstrumentationTest
INSTRUMENTATION_STATUS: current=16
INSTRUMENTATION_STATUS: id=AndroidJUnitRunner
INSTRUMENTATION_STATUS: numtests=16
INSTRUMENTATION_STATUS: stream=.
INSTRUMENTATION_STATUS: test=recordSpecificProvenanceAndUnknownTelephoneCannotPass
INSTRUMENTATION_STATUS_CODE: 0
INSTRUMENTATION_RESULT: stream=

Time: 118.966

OK (16 tests)


INSTRUMENTATION_CODE: -1
