INSTRUMENTATION_STATUS: class=com.koenterprises.territorycardstudio.Phase3DIntegrationInstrumentationTest
INSTRUMENTATION_STATUS: current=1
INSTRUMENTATION_STATUS: id=AndroidJUnitRunner
INSTRUMENTATION_STATUS: numtests=2
INSTRUMENTATION_STATUS: stream=
com.koenterprises.territorycardstudio.Phase3DIntegrationInstrumentationTest:
INSTRUMENTATION_STATUS: test=editedLocalApprovalNeverCreatesExportAuthorityOrChangesReservedCards
INSTRUMENTATION_STATUS_CODE: 1
INSTRUMENTATION_STATUS: class=com.koenterprises.territorycardstudio.Phase3DIntegrationInstrumentationTest
INSTRUMENTATION_STATUS: current=1
INSTRUMENTATION_STATUS: id=AndroidJUnitRunner
INSTRUMENTATION_STATUS: numtests=2
INSTRUMENTATION_STATUS: stream=.
INSTRUMENTATION_STATUS: test=editedLocalApprovalNeverCreatesExportAuthorityOrChangesReservedCards
INSTRUMENTATION_STATUS_CODE: 0
INSTRUMENTATION_STATUS: class=com.koenterprises.territorycardstudio.Phase3DIntegrationInstrumentationTest
INSTRUMENTATION_STATUS: current=2
INSTRUMENTATION_STATUS: id=AndroidJUnitRunner
INSTRUMENTATION_STATUS: numtests=2
INSTRUMENTATION_STATUS: stream=
INSTRUMENTATION_STATUS: test=everyPostDecisionInvalidationRejectsOldTicketAndArtifacts
INSTRUMENTATION_STATUS_CODE: 1
INSTRUMENTATION_STATUS: class=com.koenterprises.territorycardstudio.Phase3DIntegrationInstrumentationTest
INSTRUMENTATION_STATUS: current=2
INSTRUMENTATION_STATUS: id=AndroidJUnitRunner
INSTRUMENTATION_STATUS: numtests=2
INSTRUMENTATION_STATUS: stream=.
INSTRUMENTATION_STATUS: test=everyPostDecisionInvalidationRejectsOldTicketAndArtifacts
INSTRUMENTATION_STATUS_CODE: 0
INSTRUMENTATION_RESULT: stream=

Time: 30.382

OK (2 tests)


INSTRUMENTATION_CODE: -1
