INSTRUMENTATION_STATUS: class=com.koenterprises.territorycardstudio.Phase3BEditorUiInstrumentationTest
INSTRUMENTATION_STATUS: current=1
INSTRUMENTATION_STATUS: id=AndroidJUnitRunner
INSTRUMENTATION_STATUS: numtests=10
INSTRUMENTATION_STATUS: stream=
com.koenterprises.territorycardstudio.Phase3BEditorUiInstrumentationTest:
INSTRUMENTATION_STATUS: test=telephoneModeBindsCorrectDraft
INSTRUMENTATION_STATUS_CODE: 1
INSTRUMENTATION_STATUS: class=com.koenterprises.territorycardstudio.Phase3BEditorUiInstrumentationTest
INSTRUMENTATION_STATUS: current=1
INSTRUMENTATION_STATUS: id=AndroidJUnitRunner
INSTRUMENTATION_STATUS: numtests=10
INSTRUMENTATION_STATUS: stream=.
INSTRUMENTATION_STATUS: test=telephoneModeBindsCorrectDraft
INSTRUMENTATION_STATUS_CODE: 0
INSTRUMENTATION_STATUS: class=com.koenterprises.territorycardstudio.Phase3BEditorUiInstrumentationTest
INSTRUMENTATION_STATUS: current=2
INSTRUMENTATION_STATUS: id=AndroidJUnitRunner
INSTRUMENTATION_STATUS: numtests=10
INSTRUMENTATION_STATUS: stream=
INSTRUMENTATION_STATUS: test=confirmationsRejectRevisionChangedWhileOpenAndCleanFormRefreshes
INSTRUMENTATION_STATUS_CODE: 1
INSTRUMENTATION_STATUS: class=com.koenterprises.territorycardstudio.Phase3BEditorUiInstrumentationTest
INSTRUMENTATION_STATUS: current=2
INSTRUMENTATION_STATUS: id=AndroidJUnitRunner
INSTRUMENTATION_STATUS: numtests=10
INSTRUMENTATION_STATUS: stream=.
INSTRUMENTATION_STATUS: test=confirmationsRejectRevisionChangedWhileOpenAndCleanFormRefreshes
INSTRUMENTATION_STATUS_CODE: 0
INSTRUMENTATION_STATUS: class=com.koenterprises.territorycardstudio.Phase3BEditorUiInstrumentationTest
INSTRUMENTATION_STATUS: current=3
INSTRUMENTATION_STATUS: id=AndroidJUnitRunner
INSTRUMENTATION_STATUS: numtests=10
INSTRUMENTATION_STATUS: stream=
INSTRUMENTATION_STATUS: test=restorationRetainsDirtyFieldsAndOriginalToken
INSTRUMENTATION_STATUS_CODE: 1
INSTRUMENTATION_STATUS: class=com.koenterprises.territorycardstudio.Phase3BEditorUiInstrumentationTest
INSTRUMENTATION_STATUS: current=3
INSTRUMENTATION_STATUS: id=AndroidJUnitRunner
INSTRUMENTATION_STATUS: numtests=10
INSTRUMENTATION_STATUS: stream=.
INSTRUMENTATION_STATUS: test=restorationRetainsDirtyFieldsAndOriginalToken
INSTRUMENTATION_STATUS_CODE: 0
INSTRUMENTATION_STATUS: class=com.koenterprises.territorycardstudio.Phase3BEditorUiInstrumentationTest
INSTRUMENTATION_STATUS: current=4
INSTRUMENTATION_STATUS: id=AndroidJUnitRunner
INSTRUMENTATION_STATUS: numtests=10
INSTRUMENTATION_STATUS: stream=
INSTRUMENTATION_STATUS: test=captureDark
INSTRUMENTATION_STATUS_CODE: 1
INSTRUMENTATION_STATUS: class=com.koenterprises.territorycardstudio.Phase3BEditorUiInstrumentationTest
INSTRUMENTATION_STATUS: current=4
INSTRUMENTATION_STATUS: id=AndroidJUnitRunner
INSTRUMENTATION_STATUS: numtests=10
INSTRUMENTATION_STATUS: stream=.
INSTRUMENTATION_STATUS: test=captureDark
INSTRUMENTATION_STATUS_CODE: 0
INSTRUMENTATION_STATUS: class=com.koenterprises.territorycardstudio.Phase3BEditorUiInstrumentationTest
INSTRUMENTATION_STATUS: current=5
INSTRUMENTATION_STATUS: id=AndroidJUnitRunner
INSTRUMENTATION_STATUS: numtests=10
INSTRUMENTATION_STATUS: stream=
INSTRUMENTATION_STATUS: test=captureLight
INSTRUMENTATION_STATUS_CODE: 1
INSTRUMENTATION_STATUS: class=com.koenterprises.territorycardstudio.Phase3BEditorUiInstrumentationTest
INSTRUMENTATION_STATUS: current=5
INSTRUMENTATION_STATUS: id=AndroidJUnitRunner
INSTRUMENTATION_STATUS: numtests=10
INSTRUMENTATION_STATUS: stack=androidx.compose.ui.test.ComposeTimeoutException: Condition still not satisfied after 2000 ms
	at androidx.compose.ui.test.android.WindowCapture_androidKt.waitUntil(WindowCapture.android.kt:219)
	at androidx.compose.ui.test.android.WindowCapture_androidKt.forceRedraw(WindowCapture.android.kt:167)
	at androidx.compose.ui.test.AndroidImageHelpers_androidKt.processMultiWindowScreenshot(AndroidImageHelpers.android.kt:95)
	at androidx.compose.ui.test.AndroidImageHelpers_androidKt.captureToImage(AndroidImageHelpers.android.kt:65)
	at com.koenterprises.territorycardstudio.Phase3BEditorUiInstrumentationTest.shot$lambda$0(Phase3BEditorUiInstrumentationTest.kt:188)
	at com.koenterprises.territorycardstudio.Phase3BEditorUiInstrumentationTest$$ExternalSyntheticLambda0.invoke(D8$$SyntheticClass:0)
	at androidx.compose.ui.test.AndroidComposeUiTestEnvironment$AndroidComposeUiTestImpl.waitUntil(ComposeUiTest.android.kt:893)
	at androidx.compose.ui.test.junit4.AndroidComposeTestRule.waitUntil(AndroidComposeTestRule.android.kt:500)
	at com.koenterprises.territorycardstudio.Phase3BEditorUiInstrumentationTest.shot(Phase3BEditorUiInstrumentationTest.kt:187)
	at com.koenterprises.territorycardstudio.Phase3BEditorUiInstrumentationTest.capture(Phase3BEditorUiInstrumentationTest.kt:217)
	at com.koenterprises.territorycardstudio.Phase3BEditorUiInstrumentationTest.captureLight(Phase3BEditorUiInstrumentationTest.kt:199)

INSTRUMENTATION_STATUS: stream=
Error in captureLight(com.koenterprises.territorycardstudio.Phase3BEditorUiInstrumentationTest):
androidx.compose.ui.test.ComposeTimeoutException: Condition still not satisfied after 2000 ms
	at androidx.compose.ui.test.android.WindowCapture_androidKt.waitUntil(WindowCapture.android.kt:219)
	at androidx.compose.ui.test.android.WindowCapture_androidKt.forceRedraw(WindowCapture.android.kt:167)
	at androidx.compose.ui.test.AndroidImageHelpers_androidKt.processMultiWindowScreenshot(AndroidImageHelpers.android.kt:95)
	at androidx.compose.ui.test.AndroidImageHelpers_androidKt.captureToImage(AndroidImageHelpers.android.kt:65)
	at com.koenterprises.territorycardstudio.Phase3BEditorUiInstrumentationTest.shot$lambda$0(Phase3BEditorUiInstrumentationTest.kt:188)
	at com.koenterprises.territorycardstudio.Phase3BEditorUiInstrumentationTest$$ExternalSyntheticLambda0.invoke(D8$$SyntheticClass:0)
	at androidx.compose.ui.test.AndroidComposeUiTestEnvironment$AndroidComposeUiTestImpl.waitUntil(ComposeUiTest.android.kt:893)
	at androidx.compose.ui.test.junit4.AndroidComposeTestRule.waitUntil(AndroidComposeTestRule.android.kt:500)
	at com.koenterprises.territorycardstudio.Phase3BEditorUiInstrumentationTest.shot(Phase3BEditorUiInstrumentationTest.kt:187)
	at com.koenterprises.territorycardstudio.Phase3BEditorUiInstrumentationTest.capture(Phase3BEditorUiInstrumentationTest.kt:217)
	at com.koenterprises.territorycardstudio.Phase3BEditorUiInstrumentationTest.captureLight(Phase3BEditorUiInstrumentationTest.kt:199)

INSTRUMENTATION_STATUS: test=captureLight
INSTRUMENTATION_STATUS_CODE: -2
INSTRUMENTATION_STATUS: class=com.koenterprises.territorycardstudio.Phase3BEditorUiInstrumentationTest
INSTRUMENTATION_STATUS: current=6
INSTRUMENTATION_STATUS: id=AndroidJUnitRunner
INSTRUMENTATION_STATUS: numtests=10
INSTRUMENTATION_STATUS: stream=
INSTRUMENTATION_STATUS: test=lifecycleSourceChangeAndCorruptDraftFailClosed
INSTRUMENTATION_STATUS_CODE: 1
INSTRUMENTATION_STATUS: class=com.koenterprises.territorycardstudio.Phase3BEditorUiInstrumentationTest
INSTRUMENTATION_STATUS: current=6
INSTRUMENTATION_STATUS: id=AndroidJUnitRunner
INSTRUMENTATION_STATUS: numtests=10
INSTRUMENTATION_STATUS: stack=java.lang.AssertionError: No node found that matches TestTag = 'draft-proposed' in scrollable container
Semantics of the node:
Node #1725 at (l=0.0, t=128.0, r=1080.0, b=2337.0)px, Tag: 'draft-editor'
CollectionInfo = 'CollectionInfo(rowCount=9, columnCount=1)'
IsTraversalGroup = 'true'
Shape = 'androidx.compose.foundation.VerticalScrollableClipShape@76bbea2'
VerticalScrollAxisRange = 'ScrollAxisRange(value=0.0, maxValue=0.0, reverseScrolling=false)'
Actions = [GetScrollViewportLength, IndexForKey, ScrollBy, ScrollByOffset, ScrollToIndex]
Has 13 children
Selector used: (TestTag = 'draft-editor')

	at androidx.compose.ui.test.ActionsKt.performScrollToNode(Actions.kt:258)
	at com.koenterprises.territorycardstudio.Phase3BEditorUiInstrumentationTest.scroll(Phase3BEditorUiInstrumentationTest.kt:55)
	at com.koenterprises.territorycardstudio.Phase3BEditorUiInstrumentationTest.type(Phase3BEditorUiInstrumentationTest.kt:59)
	at com.koenterprises.territorycardstudio.Phase3BEditorUiInstrumentationTest.propose(Phase3BEditorUiInstrumentationTest.kt:61)
	at com.koenterprises.territorycardstudio.Phase3BEditorUiInstrumentationTest.propose$default(Phase3BEditorUiInstrumentationTest.kt:60)
	at com.koenterprises.territorycardstudio.Phase3BEditorUiInstrumentationTest.lifecycleSourceChangeAndCorruptDraftFailClosed(Phase3BEditorUiInstrumentationTest.kt:143)

INSTRUMENTATION_STATUS: stream=
Error in lifecycleSourceChangeAndCorruptDraftFailClosed(com.koenterprises.territorycardstudio.Phase3BEditorUiInstrumentationTest):
java.lang.AssertionError: No node found that matches TestTag = 'draft-proposed' in scrollable container
Semantics of the node:
Node #1725 at (l=0.0, t=128.0, r=1080.0, b=2337.0)px, Tag: 'draft-editor'
CollectionInfo = 'CollectionInfo(rowCount=9, columnCount=1)'
IsTraversalGroup = 'true'
Shape = 'androidx.compose.foundation.VerticalScrollableClipShape@76bbea2'
VerticalScrollAxisRange = 'ScrollAxisRange(value=0.0, maxValue=0.0, reverseScrolling=false)'
Actions = [GetScrollViewportLength, IndexForKey, ScrollBy, ScrollByOffset, ScrollToIndex]
Has 13 children
Selector used: (TestTag = 'draft-editor')

	at androidx.compose.ui.test.ActionsKt.performScrollToNode(Actions.kt:258)
	at com.koenterprises.territorycardstudio.Phase3BEditorUiInstrumentationTest.scroll(Phase3BEditorUiInstrumentationTest.kt:55)
	at com.koenterprises.territorycardstudio.Phase3BEditorUiInstrumentationTest.type(Phase3BEditorUiInstrumentationTest.kt:59)
	at com.koenterprises.territorycardstudio.Phase3BEditorUiInstrumentationTest.propose(Phase3BEditorUiInstrumentationTest.kt:61)
	at com.koenterprises.territorycardstudio.Phase3BEditorUiInstrumentationTest.propose$default(Phase3BEditorUiInstrumentationTest.kt:60)
	at com.koenterprises.territorycardstudio.Phase3BEditorUiInstrumentationTest.lifecycleSourceChangeAndCorruptDraftFailClosed(Phase3BEditorUiInstrumentationTest.kt:143)

INSTRUMENTATION_STATUS: test=lifecycleSourceChangeAndCorruptDraftFailClosed
INSTRUMENTATION_STATUS_CODE: -2
INSTRUMENTATION_STATUS: class=com.koenterprises.territorycardstudio.Phase3BEditorUiInstrumentationTest
INSTRUMENTATION_STATUS: current=7
INSTRUMENTATION_STATUS: id=AndroidJUnitRunner
INSTRUMENTATION_STATUS: numtests=10
INSTRUMENTATION_STATUS: stream=
INSTRUMENTATION_STATUS: test=missingSourceAndEmptyItemsStayHonest
INSTRUMENTATION_STATUS_CODE: 1
INSTRUMENTATION_STATUS: class=com.koenterprises.territorycardstudio.Phase3BEditorUiInstrumentationTest
INSTRUMENTATION_STATUS: current=7
INSTRUMENTATION_STATUS: id=AndroidJUnitRunner
INSTRUMENTATION_STATUS: numtests=10
INSTRUMENTATION_STATUS: stream=.
INSTRUMENTATION_STATUS: test=missingSourceAndEmptyItemsStayHonest
INSTRUMENTATION_STATUS_CODE: 0
INSTRUMENTATION_STATUS: class=com.koenterprises.territorycardstudio.Phase3BEditorUiInstrumentationTest
INSTRUMENTATION_STATUS: current=8
INSTRUMENTATION_STATUS: id=AndroidJUnitRunner
INSTRUMENTATION_STATUS: numtests=10
INSTRUMENTATION_STATUS: stream=
INSTRUMENTATION_STATUS: test=invalidInputKeepsDraftAndInput
INSTRUMENTATION_STATUS_CODE: 1
INSTRUMENTATION_STATUS: class=com.koenterprises.territorycardstudio.Phase3BEditorUiInstrumentationTest
INSTRUMENTATION_STATUS: current=8
INSTRUMENTATION_STATUS: id=AndroidJUnitRunner
INSTRUMENTATION_STATUS: numtests=10
INSTRUMENTATION_STATUS: stream=.
INSTRUMENTATION_STATUS: test=invalidInputKeepsDraftAndInput
INSTRUMENTATION_STATUS_CODE: 0
INSTRUMENTATION_STATUS: class=com.koenterprises.territorycardstudio.Phase3BEditorUiInstrumentationTest
INSTRUMENTATION_STATUS: current=9
INSTRUMENTATION_STATUS: id=AndroidJUnitRunner
INSTRUMENTATION_STATUS: numtests=10
INSTRUMENTATION_STATUS: stream=
INSTRUMENTATION_STATUS: test=workspaceEditsPreserveOthersAndSupportHistory
INSTRUMENTATION_STATUS_CODE: 1
INSTRUMENTATION_STATUS: class=com.koenterprises.territorycardstudio.Phase3BEditorUiInstrumentationTest
INSTRUMENTATION_STATUS: current=9
INSTRUMENTATION_STATUS: id=AndroidJUnitRunner
INSTRUMENTATION_STATUS: numtests=10
INSTRUMENTATION_STATUS: stream=.
INSTRUMENTATION_STATUS: test=workspaceEditsPreserveOthersAndSupportHistory
INSTRUMENTATION_STATUS_CODE: 0
INSTRUMENTATION_STATUS: class=com.koenterprises.territorycardstudio.Phase3BEditorUiInstrumentationTest
INSTRUMENTATION_STATUS: current=10
INSTRUMENTATION_STATUS: id=AndroidJUnitRunner
INSTRUMENTATION_STATUS: numtests=10
INSTRUMENTATION_STATUS: stream=
INSTRUMENTATION_STATUS: test=dirtyInputGuardsItemAndBothBackRoutes
INSTRUMENTATION_STATUS_CODE: 1
INSTRUMENTATION_STATUS: class=com.koenterprises.territorycardstudio.Phase3BEditorUiInstrumentationTest
INSTRUMENTATION_STATUS: current=10
INSTRUMENTATION_STATUS: id=AndroidJUnitRunner
INSTRUMENTATION_STATUS: numtests=10
INSTRUMENTATION_STATUS: stream=.
INSTRUMENTATION_STATUS: test=dirtyInputGuardsItemAndBothBackRoutes
INSTRUMENTATION_STATUS_CODE: 0
INSTRUMENTATION_RESULT: stream=

Time: 108.714
There were 2 failures:
1) captureLight(com.koenterprises.territorycardstudio.Phase3BEditorUiInstrumentationTest)
androidx.compose.ui.test.ComposeTimeoutException: Condition still not satisfied after 2000 ms
	at androidx.compose.ui.test.android.WindowCapture_androidKt.waitUntil(WindowCapture.android.kt:219)
	at androidx.compose.ui.test.android.WindowCapture_androidKt.forceRedraw(WindowCapture.android.kt:167)
	at androidx.compose.ui.test.AndroidImageHelpers_androidKt.processMultiWindowScreenshot(AndroidImageHelpers.android.kt:95)
	at androidx.compose.ui.test.AndroidImageHelpers_androidKt.captureToImage(AndroidImageHelpers.android.kt:65)
	at com.koenterprises.territorycardstudio.Phase3BEditorUiInstrumentationTest.shot$lambda$0(Phase3BEditorUiInstrumentationTest.kt:188)
	at com.koenterprises.territorycardstudio.Phase3BEditorUiInstrumentationTest$$ExternalSyntheticLambda0.invoke(D8$$SyntheticClass:0)
	at androidx.compose.ui.test.AndroidComposeUiTestEnvironment$AndroidComposeUiTestImpl.waitUntil(ComposeUiTest.android.kt:893)
	at androidx.compose.ui.test.junit4.AndroidComposeTestRule.waitUntil(AndroidComposeTestRule.android.kt:500)
	at com.koenterprises.territorycardstudio.Phase3BEditorUiInstrumentationTest.shot(Phase3BEditorUiInstrumentationTest.kt:187)
	at com.koenterprises.territorycardstudio.Phase3BEditorUiInstrumentationTest.capture(Phase3BEditorUiInstrumentationTest.kt:217)
	at com.koenterprises.territorycardstudio.Phase3BEditorUiInstrumentationTest.captureLight(Phase3BEditorUiInstrumentationTest.kt:199)
2) lifecycleSourceChangeAndCorruptDraftFailClosed(com.koenterprises.territorycardstudio.Phase3BEditorUiInstrumentationTest)
java.lang.AssertionError: No node found that matches TestTag = 'draft-proposed' in scrollable container
Semantics of the node:
Node #1725 at (l=0.0, t=128.0, r=1080.0, b=2337.0)px, Tag: 'draft-editor'
CollectionInfo = 'CollectionInfo(rowCount=9, columnCount=1)'
IsTraversalGroup = 'true'
Shape = 'androidx.compose.foundation.VerticalScrollableClipShape@76bbea2'
VerticalScrollAxisRange = 'ScrollAxisRange(value=0.0, maxValue=0.0, reverseScrolling=false)'
Actions = [GetScrollViewportLength, IndexForKey, ScrollBy, ScrollByOffset, ScrollToIndex]
Has 13 children
Selector used: (TestTag = 'draft-editor')

	at androidx.compose.ui.test.ActionsKt.performScrollToNode(Actions.kt:258)
	at com.koenterprises.territorycardstudio.Phase3BEditorUiInstrumentationTest.scroll(Phase3BEditorUiInstrumentationTest.kt:55)
	at com.koenterprises.territorycardstudio.Phase3BEditorUiInstrumentationTest.type(Phase3BEditorUiInstrumentationTest.kt:59)
	at com.koenterprises.territorycardstudio.Phase3BEditorUiInstrumentationTest.propose(Phase3BEditorUiInstrumentationTest.kt:61)
	at com.koenterprises.territorycardstudio.Phase3BEditorUiInstrumentationTest.propose$default(Phase3BEditorUiInstrumentationTest.kt:60)
	at com.koenterprises.territorycardstudio.Phase3BEditorUiInstrumentationTest.lifecycleSourceChangeAndCorruptDraftFailClosed(Phase3BEditorUiInstrumentationTest.kt:143)

FAILURES!!!
Tests run: 10,  Failures: 2


INSTRUMENTATION_CODE: -1
