INSTRUMENTATION_STATUS: class=com.koenterprises.territorycardstudio.Phase4LifecycleInstrumentationTest
INSTRUMENTATION_STATUS: current=1
INSTRUMENTATION_STATUS: id=AndroidJUnitRunner
INSTRUMENTATION_STATUS: numtests=17
INSTRUMENTATION_STATUS: stream=
com.koenterprises.territorycardstudio.Phase4LifecycleInstrumentationTest:
INSTRUMENTATION_STATUS: test=interruptedAtomicJournalRecoversLastCommittedApproval
INSTRUMENTATION_STATUS_CODE: 1
INSTRUMENTATION_STATUS: class=com.koenterprises.territorycardstudio.Phase4LifecycleInstrumentationTest
INSTRUMENTATION_STATUS: current=1
INSTRUMENTATION_STATUS: id=AndroidJUnitRunner
INSTRUMENTATION_STATUS: numtests=17
INSTRUMENTATION_STATUS: stream=.
INSTRUMENTATION_STATUS: test=interruptedAtomicJournalRecoversLastCommittedApproval
INSTRUMENTATION_STATUS_CODE: 0
INSTRUMENTATION_STATUS: class=com.koenterprises.territorycardstudio.Phase4LifecycleInstrumentationTest
INSTRUMENTATION_STATUS: current=2
INSTRUMENTATION_STATUS: id=AndroidJUnitRunner
INSTRUMENTATION_STATUS: numtests=17
INSTRUMENTATION_STATUS: stream=
INSTRUMENTATION_STATUS: test=rejectionIsDurableAndHistoryNeverOverwritesPriorDecision
INSTRUMENTATION_STATUS_CODE: 1
INSTRUMENTATION_STATUS: class=com.koenterprises.territorycardstudio.Phase4LifecycleInstrumentationTest
INSTRUMENTATION_STATUS: current=2
INSTRUMENTATION_STATUS: id=AndroidJUnitRunner
INSTRUMENTATION_STATUS: numtests=17
INSTRUMENTATION_STATUS: stream=.
INSTRUMENTATION_STATUS: test=rejectionIsDurableAndHistoryNeverOverwritesPriorDecision
INSTRUMENTATION_STATUS_CODE: 0
INSTRUMENTATION_STATUS: class=com.koenterprises.territorycardstudio.Phase4LifecycleInstrumentationTest
INSTRUMENTATION_STATUS: current=3
INSTRUMENTATION_STATUS: id=AndroidJUnitRunner
INSTRUMENTATION_STATUS: numtests=17
INSTRUMENTATION_STATUS: stream=
INSTRUMENTATION_STATUS: test=freshCoordinatorReloadPreservesHistoryButCannotRestoreAuthority
INSTRUMENTATION_STATUS_CODE: 1
INSTRUMENTATION_STATUS: class=com.koenterprises.territorycardstudio.Phase4LifecycleInstrumentationTest
INSTRUMENTATION_STATUS: current=3
INSTRUMENTATION_STATUS: id=AndroidJUnitRunner
INSTRUMENTATION_STATUS: numtests=17
INSTRUMENTATION_STATUS: stream=.
INSTRUMENTATION_STATUS: test=freshCoordinatorReloadPreservesHistoryButCannotRestoreAuthority
INSTRUMENTATION_STATUS_CODE: 0
INSTRUMENTATION_STATUS: class=com.koenterprises.territorycardstudio.Phase4LifecycleInstrumentationTest
INSTRUMENTATION_STATUS: current=4
INSTRUMENTATION_STATUS: id=AndroidJUnitRunner
INSTRUMENTATION_STATUS: numtests=17
INSTRUMENTATION_STATUS: stream=
INSTRUMENTATION_STATUS: test=staleInstanceTicketCannotReplaceNewCurrentPointer
INSTRUMENTATION_STATUS_CODE: 1
INSTRUMENTATION_STATUS: class=com.koenterprises.territorycardstudio.Phase4LifecycleInstrumentationTest
INSTRUMENTATION_STATUS: current=4
INSTRUMENTATION_STATUS: id=AndroidJUnitRunner
INSTRUMENTATION_STATUS: numtests=17
INSTRUMENTATION_STATUS: stream=.
INSTRUMENTATION_STATUS: test=staleInstanceTicketCannotReplaceNewCurrentPointer
INSTRUMENTATION_STATUS_CODE: 0
INSTRUMENTATION_STATUS: class=com.koenterprises.territorycardstudio.Phase4LifecycleInstrumentationTest
INSTRUMENTATION_STATUS: current=5
INSTRUMENTATION_STATUS: id=AndroidJUnitRunner
INSTRUMENTATION_STATUS: numtests=17
INSTRUMENTATION_STATUS: stream=
INSTRUMENTATION_STATUS: test=malformedAndOversizeJournalsFailClosedWithoutReplacement
INSTRUMENTATION_STATUS_CODE: 1
INSTRUMENTATION_STATUS: class=com.koenterprises.territorycardstudio.Phase4LifecycleInstrumentationTest
INSTRUMENTATION_STATUS: current=5
INSTRUMENTATION_STATUS: id=AndroidJUnitRunner
INSTRUMENTATION_STATUS: numtests=17
INSTRUMENTATION_STATUS: stream=.
INSTRUMENTATION_STATUS: test=malformedAndOversizeJournalsFailClosedWithoutReplacement
INSTRUMENTATION_STATUS_CODE: 0
INSTRUMENTATION_STATUS: class=com.koenterprises.territorycardstudio.Phase4LifecycleInstrumentationTest
INSTRUMENTATION_STATUS: current=6
INSTRUMENTATION_STATUS: id=AndroidJUnitRunner
INSTRUMENTATION_STATUS: numtests=17
INSTRUMENTATION_STATUS: stream=
INSTRUMENTATION_STATUS: test=concurrentServiceInstancesSerializeDecisionsWithoutLostHistory
INSTRUMENTATION_STATUS_CODE: 1
INSTRUMENTATION_STATUS: class=com.koenterprises.territorycardstudio.Phase4LifecycleInstrumentationTest
INSTRUMENTATION_STATUS: current=6
INSTRUMENTATION_STATUS: id=AndroidJUnitRunner
INSTRUMENTATION_STATUS: numtests=17
INSTRUMENTATION_STATUS: stream=.
INSTRUMENTATION_STATUS: test=concurrentServiceInstancesSerializeDecisionsWithoutLostHistory
INSTRUMENTATION_STATUS_CODE: 0
INSTRUMENTATION_STATUS: class=com.koenterprises.territorycardstudio.Phase4LifecycleInstrumentationTest
INSTRUMENTATION_STATUS: current=7
INSTRUMENTATION_STATUS: id=AndroidJUnitRunner
INSTRUMENTATION_STATUS: numtests=17
INSTRUMENTATION_STATUS: stream=
INSTRUMENTATION_STATUS: test=archivedPdfTamperMissingAndOversizeBlockCurrentReads
INSTRUMENTATION_STATUS_CODE: 1
INSTRUMENTATION_STATUS: class=com.koenterprises.territorycardstudio.Phase4LifecycleInstrumentationTest
INSTRUMENTATION_STATUS: current=7
INSTRUMENTATION_STATUS: id=AndroidJUnitRunner
INSTRUMENTATION_STATUS: numtests=17
INSTRUMENTATION_STATUS: stream=.
INSTRUMENTATION_STATUS: test=archivedPdfTamperMissingAndOversizeBlockCurrentReads
INSTRUMENTATION_STATUS_CODE: 0
INSTRUMENTATION_STATUS: class=com.koenterprises.territorycardstudio.Phase4LifecycleInstrumentationTest
INSTRUMENTATION_STATUS: current=8
INSTRUMENTATION_STATUS: id=AndroidJUnitRunner
INSTRUMENTATION_STATUS: numtests=17
INSTRUMENTATION_STATUS: stream=
INSTRUMENTATION_STATUS: test=editedJournalAndAuthorityChangesSuspendApprovedCandidates
INSTRUMENTATION_STATUS_CODE: 1
INSTRUMENTATION_STATUS: class=com.koenterprises.territorycardstudio.Phase4LifecycleInstrumentationTest
INSTRUMENTATION_STATUS: current=8
INSTRUMENTATION_STATUS: id=AndroidJUnitRunner
INSTRUMENTATION_STATUS: numtests=17
INSTRUMENTATION_STATUS: stream=.
INSTRUMENTATION_STATUS: test=editedJournalAndAuthorityChangesSuspendApprovedCandidates
INSTRUMENTATION_STATUS_CODE: 0
INSTRUMENTATION_STATUS: class=com.koenterprises.territorycardstudio.Phase4LifecycleInstrumentationTest
INSTRUMENTATION_STATUS: current=9
INSTRUMENTATION_STATUS: id=AndroidJUnitRunner
INSTRUMENTATION_STATUS: numtests=17
INSTRUMENTATION_STATUS: stream=
INSTRUMENTATION_STATUS: test=staleSameCandidateDialogCannotOverrideNewerRejection
INSTRUMENTATION_STATUS_CODE: 1
INSTRUMENTATION_STATUS: class=com.koenterprises.territorycardstudio.Phase4LifecycleInstrumentationTest
INSTRUMENTATION_STATUS: current=9
INSTRUMENTATION_STATUS: id=AndroidJUnitRunner
INSTRUMENTATION_STATUS: numtests=17
INSTRUMENTATION_STATUS: stream=.
INSTRUMENTATION_STATUS: test=staleSameCandidateDialogCannotOverrideNewerRejection
INSTRUMENTATION_STATUS_CODE: 0
INSTRUMENTATION_STATUS: class=com.koenterprises.territorycardstudio.Phase4LifecycleInstrumentationTest
INSTRUMENTATION_STATUS: current=10
INSTRUMENTATION_STATUS: id=AndroidJUnitRunner
INSTRUMENTATION_STATUS: numtests=17
INSTRUMENTATION_STATUS: stream=
INSTRUMENTATION_STATUS: test=replacedSourceSuspendsPromotionAndCannotApproveStaleTicket
INSTRUMENTATION_STATUS_CODE: 1
INSTRUMENTATION_STATUS: class=com.koenterprises.territorycardstudio.Phase4LifecycleInstrumentationTest
INSTRUMENTATION_STATUS: current=10
INSTRUMENTATION_STATUS: id=AndroidJUnitRunner
INSTRUMENTATION_STATUS: numtests=17
INSTRUMENTATION_STATUS: stream=.
INSTRUMENTATION_STATUS: test=replacedSourceSuspendsPromotionAndCannotApproveStaleTicket
INSTRUMENTATION_STATUS_CODE: 0
INSTRUMENTATION_STATUS: class=com.koenterprises.territorycardstudio.Phase4LifecycleInstrumentationTest
INSTRUMENTATION_STATUS: current=11
INSTRUMENTATION_STATUS: id=AndroidJUnitRunner
INSTRUMENTATION_STATUS: numtests=17
INSTRUMENTATION_STATUS: stream=
INSTRUMENTATION_STATUS: test=approvalRequiresExplicitConfirmationReviewerAndEveryCheck
INSTRUMENTATION_STATUS_CODE: 1
INSTRUMENTATION_STATUS: class=com.koenterprises.territorycardstudio.Phase4LifecycleInstrumentationTest
INSTRUMENTATION_STATUS: current=11
INSTRUMENTATION_STATUS: id=AndroidJUnitRunner
INSTRUMENTATION_STATUS: numtests=17
INSTRUMENTATION_STATUS: stream=.
INSTRUMENTATION_STATUS: test=approvalRequiresExplicitConfirmationReviewerAndEveryCheck
INSTRUMENTATION_STATUS_CODE: 0
INSTRUMENTATION_STATUS: class=com.koenterprises.territorycardstudio.Phase4LifecycleInstrumentationTest
INSTRUMENTATION_STATUS: current=12
INSTRUMENTATION_STATUS: id=AndroidJUnitRunner
INSTRUMENTATION_STATUS: numtests=17
INSTRUMENTATION_STATUS: stream=
INSTRUMENTATION_STATUS: test=byteIdenticalRebuildStillRequiresNewExactVersionApproval
INSTRUMENTATION_STATUS_CODE: 1
INSTRUMENTATION_STATUS: class=com.koenterprises.territorycardstudio.Phase4LifecycleInstrumentationTest
INSTRUMENTATION_STATUS: current=12
INSTRUMENTATION_STATUS: id=AndroidJUnitRunner
INSTRUMENTATION_STATUS: numtests=17
INSTRUMENTATION_STATUS: stream=.
INSTRUMENTATION_STATUS: test=byteIdenticalRebuildStillRequiresNewExactVersionApproval
INSTRUMENTATION_STATUS_CODE: 0
INSTRUMENTATION_STATUS: class=com.koenterprises.territorycardstudio.Phase4LifecycleInstrumentationTest
INSTRUMENTATION_STATUS: current=13
INSTRUMENTATION_STATUS: id=AndroidJUnitRunner
INSTRUMENTATION_STATUS: numtests=17
INSTRUMENTATION_STATUS: stream=
INSTRUMENTATION_STATUS: test=failedAtomicWritesPreservePriorDecisionAndRemoveUnjournaledPdf
INSTRUMENTATION_STATUS_CODE: 1
INSTRUMENTATION_STATUS: class=com.koenterprises.territorycardstudio.Phase4LifecycleInstrumentationTest
INSTRUMENTATION_STATUS: current=13
INSTRUMENTATION_STATUS: id=AndroidJUnitRunner
INSTRUMENTATION_STATUS: numtests=17
INSTRUMENTATION_STATUS: stream=.
INSTRUMENTATION_STATUS: test=failedAtomicWritesPreservePriorDecisionAndRemoveUnjournaledPdf
INSTRUMENTATION_STATUS_CODE: 0
INSTRUMENTATION_STATUS: class=com.koenterprises.territorycardstudio.Phase4LifecycleInstrumentationTest
INSTRUMENTATION_STATUS: current=14
INSTRUMENTATION_STATUS: id=AndroidJUnitRunner
INSTRUMENTATION_STATUS: numtests=17
INSTRUMENTATION_STATUS: stream=
INSTRUMENTATION_STATUS: test=lifecycleApprovalNeverChangesReservedCardsOrFieldExportAuthority
INSTRUMENTATION_STATUS_CODE: 1
INSTRUMENTATION_STATUS: class=com.koenterprises.territorycardstudio.Phase4LifecycleInstrumentationTest
INSTRUMENTATION_STATUS: current=14
INSTRUMENTATION_STATUS: id=AndroidJUnitRunner
INSTRUMENTATION_STATUS: numtests=17
INSTRUMENTATION_STATUS: stream=.
INSTRUMENTATION_STATUS: test=lifecycleApprovalNeverChangesReservedCardsOrFieldExportAuthority
INSTRUMENTATION_STATUS_CODE: 0
INSTRUMENTATION_STATUS: class=com.koenterprises.territorycardstudio.Phase4LifecycleInstrumentationTest
INSTRUMENTATION_STATUS: current=15
INSTRUMENTATION_STATUS: id=AndroidJUnitRunner
INSTRUMENTATION_STATUS: numtests=17
INSTRUMENTATION_STATUS: stream=
INSTRUMENTATION_STATUS: test=allModesBuildArchivesExactUnapprovedCandidate
INSTRUMENTATION_STATUS_CODE: 1
INSTRUMENTATION_STATUS: class=com.koenterprises.territorycardstudio.Phase4LifecycleInstrumentationTest
INSTRUMENTATION_STATUS: current=15
INSTRUMENTATION_STATUS: id=AndroidJUnitRunner
INSTRUMENTATION_STATUS: numtests=17
INSTRUMENTATION_STATUS: stream=.
INSTRUMENTATION_STATUS: test=allModesBuildArchivesExactUnapprovedCandidate
INSTRUMENTATION_STATUS_CODE: 0
INSTRUMENTATION_STATUS: class=com.koenterprises.territorycardstudio.Phase4LifecycleUiInstrumentationTest
INSTRUMENTATION_STATUS: current=16
INSTRUMENTATION_STATUS: id=AndroidJUnitRunner
INSTRUMENTATION_STATUS: numtests=17
INSTRUMENTATION_STATUS: stream=
com.koenterprises.territorycardstudio.Phase4LifecycleUiInstrumentationTest:
INSTRUMENTATION_STATUS: test=lifecycleLight
INSTRUMENTATION_STATUS_CODE: 1
INSTRUMENTATION_STATUS: class=com.koenterprises.territorycardstudio.Phase4LifecycleUiInstrumentationTest
INSTRUMENTATION_STATUS: current=16
INSTRUMENTATION_STATUS: id=AndroidJUnitRunner
INSTRUMENTATION_STATUS: numtests=17
INSTRUMENTATION_STATUS: stream=.
INSTRUMENTATION_STATUS: test=lifecycleLight
INSTRUMENTATION_STATUS_CODE: 0
INSTRUMENTATION_STATUS: class=com.koenterprises.territorycardstudio.Phase4LifecycleUiInstrumentationTest
INSTRUMENTATION_STATUS: current=17
INSTRUMENTATION_STATUS: id=AndroidJUnitRunner
INSTRUMENTATION_STATUS: numtests=17
INSTRUMENTATION_STATUS: stream=
INSTRUMENTATION_STATUS: test=lifecycleDark
INSTRUMENTATION_STATUS_CODE: 1
INSTRUMENTATION_STATUS: class=com.koenterprises.territorycardstudio.Phase4LifecycleUiInstrumentationTest
INSTRUMENTATION_STATUS: current=17
INSTRUMENTATION_STATUS: id=AndroidJUnitRunner
INSTRUMENTATION_STATUS: numtests=17
INSTRUMENTATION_STATUS: stream=.
INSTRUMENTATION_STATUS: test=lifecycleDark
INSTRUMENTATION_STATUS_CODE: 0
INSTRUMENTATION_RESULT: stream=

Time: 219.999

OK (17 tests)


INSTRUMENTATION_CODE: -1
