To honour the JVM settings for this build a single-use Daemon process will be forked. For more on this, please refer to https://docs.gradle.org/9.6.0/userguide/gradle_daemon.html#sec:disabling_the_daemon in the Gradle documentation.
Daemon will be stopped at the end of the build 
> Task :core:checkKotlinGradlePluginConfigurationErrors SKIPPED
> Task :core:compileKotlin UP-TO-DATE
> Task :core:compileJava NO-SOURCE
> Task :core:processResources NO-SOURCE
> Task :core:classes UP-TO-DATE
> Task :core:jar UP-TO-DATE
> Task :app:preBuild UP-TO-DATE
> Task :app:preDebugBuild UP-TO-DATE
> Task :app:generateDebugResources
> Task :app:packageDebugResources
> Task :app:processDebugNavigationResources
> Task :app:javaPreCompileDebug
> Task :app:parseDebugLocalResources
> Task :app:checkDebugAarMetadata
> Task :app:mapDebugSourceSetPaths
> Task :app:generateDebugRFile
> Task :app:compileDebugNavigationResources
> Task :app:createDebugCompatibleScreenManifests
> Task :app:extractDeepLinksDebug
> Task :app:mergeDebugResources
> Task :app:processDebugMainManifest
> Task :app:processDebugManifest
> Task :app:preDebugAndroidTestBuild SKIPPED
> Task :app:generateDebugAndroidTestResources
> Task :app:packageDebugAndroidTestResources
> Task :app:processDebugManifestForPackage
> Task :app:processDebugAndroidTestNavigationResources
> Task :app:parseDebugAndroidTestLocalResources
> Task :app:generateDebugAndroidTestRFile
> Task :app:processDebugResources

> Task :app:compileDebugKotlin
w: file:///home/runner/work/Hummer/Hummer/tcs-src/app/src/main/java/com/koenterprises/territorycardstudio/AndroidApprovedExportService.kt:11:33 Non-public primary constructor is exposed via the generated 'copy()' method of the 'data' class.

The generated 'copy()' will change its visibility in future releases.

To suppress the warning do one of the following:
- Annotate the data class with the '@ConsistentCopyVisibility' annotation.
- Use the '-Xconsistent-data-class-copy-visibility' compiler flag.
- Annotate the data class with the '@ExposedCopyVisibility' annotation 
  (Discouraged, but can be used to keep binary compatibility).

To learn more, see the documentation of the '@ConsistentCopyVisibility' and '@ExposedCopyVisibility' annotations.

This will become an error in language version 2.5. See https://youtrack.jetbrains.com/issue/KT-11914.
w: file:///home/runner/work/Hummer/Hummer/tcs-src/app/src/main/java/com/koenterprises/territorycardstudio/AndroidCandidateReviewService.kt:9:34 Non-public primary constructor is exposed via the generated 'copy()' method of the 'data' class.

The generated 'copy()' will change its visibility in future releases.

To suppress the warning do one of the following:
- Annotate the data class with the '@ConsistentCopyVisibility' annotation.
- Use the '-Xconsistent-data-class-copy-visibility' compiler flag.
- Annotate the data class with the '@ExposedCopyVisibility' annotation 
  (Discouraged, but can be used to keep binary compatibility).

To learn more, see the documentation of the '@ConsistentCopyVisibility' and '@ExposedCopyVisibility' annotations.

This will become an error in language version 2.5. See https://youtrack.jetbrains.com/issue/KT-11914.
w: file:///home/runner/work/Hummer/Hummer/tcs-src/app/src/main/java/com/koenterprises/territorycardstudio/AndroidPdfPreviewService.kt:14:31 Non-public primary constructor is exposed via the generated 'copy()' method of the 'data' class.

The generated 'copy()' will change its visibility in future releases.

To suppress the warning do one of the following:
- Annotate the data class with the '@ConsistentCopyVisibility' annotation.
- Use the '-Xconsistent-data-class-copy-visibility' compiler flag.
- Annotate the data class with the '@ExposedCopyVisibility' annotation 
  (Discouraged, but can be used to keep binary compatibility).

To learn more, see the documentation of the '@ConsistentCopyVisibility' and '@ExposedCopyVisibility' annotations.

This will become an error in language version 2.5. See https://youtrack.jetbrains.com/issue/KT-11914.
w: file:///home/runner/work/Hummer/Hummer/tcs-src/app/src/main/java/com/koenterprises/territorycardstudio/WorkspaceModeUi.kt:347:13 'fun ScrollableTabRow(selectedTabIndex: Int, modifier: Modifier = ..., containerColor: Color = ..., contentColor: Color = ..., edgePadding: Dp = ..., indicator: ComposableFunction1<List<TabPosition>, Unit> = ..., divider: ComposableFunction0<Unit> = ..., tabs: ComposableFunction0<Unit>): Unit' is deprecated. Replaced with PrimaryScrollableTabRow and SecondaryScrollableTabRow tab variants.

> Task :app:compileDebugJavaWithJavac NO-SOURCE
> Task :app:bundleDebugClassesToCompileJar

> Task :app:compileDebugAndroidTestKotlin
w: file:///home/runner/work/Hummer/Hummer/tcs-src/app/src/androidTest/java/com/koenterprises/territorycardstudio/Phase2BWorkspaceInstrumentationTest.kt:25:23 'fun <reified A : ComponentActivity> createAndroidComposeRule(effectContext: CoroutineContext = ...): AndroidComposeTestRule<ActivityScenarioRule<A>, A>' is deprecated. Use `androidx.compose.ui.test.junit4.v2.createAndroidComposeRule` instead. The v2 APIs use StandardTestDispatcher instead of UnconfinedTestDispatcher, which aligns with standard coroutine behavior by queuing tasks rather than executing them immediately. Tests relying on immediate execution may require explicit synchronization. Please refer to the migration guide for more details.
w: file:///home/runner/work/Hummer/Hummer/tcs-src/app/src/androidTest/java/com/koenterprises/territorycardstudio/Phase2CImportVerificationInstrumentationTest.kt:26:23 'fun <reified A : ComponentActivity> createAndroidComposeRule(effectContext: CoroutineContext = ...): AndroidComposeTestRule<ActivityScenarioRule<A>, A>' is deprecated. Use `androidx.compose.ui.test.junit4.v2.createAndroidComposeRule` instead. The v2 APIs use StandardTestDispatcher instead of UnconfinedTestDispatcher, which aligns with standard coroutine behavior by queuing tasks rather than executing them immediately. Tests relying on immediate execution may require explicit synchronization. Please refer to the migration guide for more details.
w: file:///home/runner/work/Hummer/Hummer/tcs-src/app/src/androidTest/java/com/koenterprises/territorycardstudio/Phase2DBCaptureInstrumentationTest.kt:20:33 'fun <reified A : ComponentActivity> createAndroidComposeRule(effectContext: CoroutineContext = ...): AndroidComposeTestRule<ActivityScenarioRule<A>, A>' is deprecated. Use `androidx.compose.ui.test.junit4.v2.createAndroidComposeRule` instead. The v2 APIs use StandardTestDispatcher instead of UnconfinedTestDispatcher, which aligns with standard coroutine behavior by queuing tasks rather than executing them immediately. Tests relying on immediate execution may require explicit synchronization. Please refer to the migration guide for more details.
w: file:///home/runner/work/Hummer/Hummer/tcs-src/app/src/androidTest/java/com/koenterprises/territorycardstudio/Phase2DBNavigationInstrumentationTest.kt:12:33 'fun <reified A : ComponentActivity> createAndroidComposeRule(effectContext: CoroutineContext = ...): AndroidComposeTestRule<ActivityScenarioRule<A>, A>' is deprecated. Use `androidx.compose.ui.test.junit4.v2.createAndroidComposeRule` instead. The v2 APIs use StandardTestDispatcher instead of UnconfinedTestDispatcher, which aligns with standard coroutine behavior by queuing tasks rather than executing them immediately. Tests relying on immediate execution may require explicit synchronization. Please refer to the migration guide for more details.
w: file:///home/runner/work/Hummer/Hummer/tcs-src/app/src/androidTest/java/com/koenterprises/territorycardstudio/Phase2EPreviewUiInstrumentationTest.kt:22:33 'fun <reified A : ComponentActivity> createAndroidComposeRule(effectContext: CoroutineContext = ...): AndroidComposeTestRule<ActivityScenarioRule<A>, A>' is deprecated. Use `androidx.compose.ui.test.junit4.v2.createAndroidComposeRule` instead. The v2 APIs use StandardTestDispatcher instead of UnconfinedTestDispatcher, which aligns with standard coroutine behavior by queuing tasks rather than executing them immediately. Tests relying on immediate execution may require explicit synchronization. Please refer to the migration guide for more details.
w: file:///home/runner/work/Hummer/Hummer/tcs-src/app/src/androidTest/java/com/koenterprises/territorycardstudio/Phase2FReviewUiInstrumentationTest.kt:21:33 'fun <reified A : ComponentActivity> createAndroidComposeRule(effectContext: CoroutineContext = ...): AndroidComposeTestRule<ActivityScenarioRule<A>, A>' is deprecated. Use `androidx.compose.ui.test.junit4.v2.createAndroidComposeRule` instead. The v2 APIs use StandardTestDispatcher instead of UnconfinedTestDispatcher, which aligns with standard coroutine behavior by queuing tasks rather than executing them immediately. Tests relying on immediate execution may require explicit synchronization. Please refer to the migration guide for more details.
w: file:///home/runner/work/Hummer/Hummer/tcs-src/app/src/androidTest/java/com/koenterprises/territorycardstudio/Phase2GExportUiInstrumentationTest.kt:24:33 'fun <reified A : ComponentActivity> createAndroidComposeRule(effectContext: CoroutineContext = ...): AndroidComposeTestRule<ActivityScenarioRule<A>, A>' is deprecated. Use `androidx.compose.ui.test.junit4.v2.createAndroidComposeRule` instead. The v2 APIs use StandardTestDispatcher instead of UnconfinedTestDispatcher, which aligns with standard coroutine behavior by queuing tasks rather than executing them immediately. Tests relying on immediate execution may require explicit synchronization. Please refer to the migration guide for more details.
w: file:///home/runner/work/Hummer/Hummer/tcs-src/app/src/androidTest/java/com/koenterprises/territorycardstudio/Phase2HKnowledgeUiInstrumentationTest.kt:19:26 'fun <reified A : ComponentActivity> createAndroidComposeRule(effectContext: CoroutineContext = ...): AndroidComposeTestRule<ActivityScenarioRule<A>, A>' is deprecated. Use `androidx.compose.ui.test.junit4.v2.createAndroidComposeRule` instead. The v2 APIs use StandardTestDispatcher instead of UnconfinedTestDispatcher, which aligns with standard coroutine behavior by queuing tasks rather than executing them immediately. Tests relying on immediate execution may require explicit synchronization. Please refer to the migration guide for more details.
w: file:///home/runner/work/Hummer/Hummer/tcs-src/app/src/androidTest/java/com/koenterprises/territorycardstudio/Phase2IDashboardUiInstrumentationTest.kt:19:26 'fun <reified A : ComponentActivity> createAndroidComposeRule(effectContext: CoroutineContext = ...): AndroidComposeTestRule<ActivityScenarioRule<A>, A>' is deprecated. Use `androidx.compose.ui.test.junit4.v2.createAndroidComposeRule` instead. The v2 APIs use StandardTestDispatcher instead of UnconfinedTestDispatcher, which aligns with standard coroutine behavior by queuing tasks rather than executing them immediately. Tests relying on immediate execution may require explicit synchronization. Please refer to the migration guide for more details.
w: file:///home/runner/work/Hummer/Hummer/tcs-src/app/src/androidTest/java/com/koenterprises/territorycardstudio/UiFoundationInstrumentationTest.kt:20:23 'fun <reified A : ComponentActivity> createAndroidComposeRule(effectContext: CoroutineContext = ...): AndroidComposeTestRule<ActivityScenarioRule<A>, A>' is deprecated. Use `androidx.compose.ui.test.junit4.v2.createAndroidComposeRule` instead. The v2 APIs use StandardTestDispatcher instead of UnconfinedTestDispatcher, which aligns with standard coroutine behavior by queuing tasks rather than executing them immediately. Tests relying on immediate execution may require explicit synchronization. Please refer to the migration guide for more details.
gradle/actions: Writing build results to /home/runner/work/_temp/.gradle-actions/build-results/__run_12-1790493351961.json

[Incubating] Problems report is available at: file:///home/runner/work/Hummer/Hummer/tcs-src/build/reports/problems/problems-report.html

BUILD SUCCESSFUL in 50s
26 actionable tasks: 24 executed, 2 up-to-date
Consider enabling configuration cache to speed up this build: https://docs.gradle.org/9.6.0/userguide/configuration_cache_enabling.html
